jitbench: aluka JIT three-tier benchmark
  generated=2026-08-11T02:05:43Z  commit=fbe9b5e
  platform=windows/amd64  cpu=Intel64 Family 6 Model 186 Stepping 2, GenuineIntel  go=go1.25.10  aluka=aluka 0.1.0-dev
  binary=E:\codes\go_projects\aluka_lang\aluka_lang\bin\aluka.exe
  scripts=[tests/benchmark/perf-compare.js tests/benchmark/mixed.js]
  tiers=[off quick auto]  reps=5  rotate=true  timeout=2m0s

arrayMap-100x10K
  off    median=   20.91ms  min=   16.44  max=   31.30  mean=   23.28  mad=21.4%  samples=[31.30 16.44 20.00 20.91 27.74]
  quick  median=   18.47ms  vsOff= 1.13x  min=   15.40  max=   31.15  mean=   20.37  mad=2.8%  samples=[18.87 18.47 17.96 15.40 31.15]
  auto   median=   18.60ms  vsOff= 1.12x  min=   17.14  max=   24.72  mean=   19.71  mad=4.8%  samples=[24.72 19.50 17.14 18.59 18.60]
arrayPush-1M
  off    median=  431.12ms  min=  397.52  max=  766.73  mean=  510.86  mad=7.8%  samples=[766.73 531.78 427.13 431.12 397.52]
  quick  median=   89.59ms  vsOff= 4.81x  min=   73.79  max=  113.04  mean=   92.10  mad=17.6%  samples=[89.59 106.86 73.79 77.23 113.04]
  auto   median=   84.40ms  vsOff= 5.11x  min=   81.77  max=   98.59  mean=   88.95  mad=3.1%  samples=[97.64 82.35 81.77 84.40 98.59]
callOverhead-1M
  off    median=  215.15ms  min=  177.21  max=  302.77  mean=  235.83  mad=17.6%  samples=[294.76 215.15 302.77 177.21 189.26]
  quick  median=   50.83ms  vsOff= 4.23x  min=   49.84  max=   63.09  mean=   55.26  mad=1.9%  samples=[50.83 49.84 49.95 63.09 62.58]
  auto   median=    3.09ms  vsOff=69.63x  min=    2.74  max=    4.17  mean=    3.19  mad=9.7%  samples=[2.79 3.09 2.74 3.14 4.17]
closureCall-1M
  off    median=  253.96ms  min=  214.20  max=  350.56  mean=  272.09  mad=15.7%  samples=[350.56 326.07 253.96 214.20 215.65]
  quick  median=    3.04ms  vsOff=83.54x  min=    2.63  max=    4.11  mean=    3.22  mad=11.2%  samples=[2.94 3.38 3.04 4.11 2.63]
  auto   median=    3.11ms  vsOff=81.66x  min=    2.69  max=    4.64  mean=    3.39  mad=13.5%  samples=[4.64 3.11 3.77 2.75 2.69]
fib25
  off    median=   35.51ms  min=   33.29  max=   36.04  mean=   34.90  mad=1.5%  samples=[35.76 33.89 36.04 33.29 35.51]
  quick  median=   22.28ms  vsOff= 1.59x  min=   19.93  max=   30.18  mean=   23.58  mad=7.8%  samples=[19.93 22.28 24.02 30.18 21.47]
  auto   median=   22.37ms  vsOff= 1.59x  min=   20.46  max=   37.32  mean=   25.14  mad=4.6%  samples=[20.46 23.39 22.37 37.32 22.15]
fib30
  off    median=  412.48ms  min=  385.78  max=  459.56  mean=  417.15  mad=1.5%  samples=[385.78 409.37 459.56 418.56 412.48]
  quick  median=  252.02ms  vsOff= 1.64x  min=  248.84  max=  292.86  mean=  261.59  mad=1.3%  samples=[252.02 249.46 248.84 264.78 292.86]
  auto   median=  276.45ms  vsOff= 1.49x  min=  257.53  max=  323.06  mean=  289.78  mad=6.8%  samples=[257.53 272.93 323.06 318.95 276.45]
gcPressure-500K
  off    median=  475.81ms  min=  444.72  max=  520.69  mean=  477.79  mad=6.3%  samples=[502.06 444.72 520.69 475.81 445.68]
  quick  median=  451.21ms  vsOff= 1.05x  min=  417.13  max=  461.92  mean=  445.59  mad=1.2%  samples=[417.13 461.92 452.04 451.21 445.64]
  auto   median=  452.69ms  vsOff= 1.05x  min=  408.27  max=  478.35  mean=  451.45  mad=3.5%  samples=[408.27 452.69 478.35 468.37 449.57]
methodCall-1M
  off    median=  245.27ms  min=  216.26  max=  281.94  mean=  251.72  mad=11.8%  samples=[245.27 276.36 281.94 216.26 238.78]
  quick  median=   54.26ms  vsOff= 4.52x  min=   51.87  max=   56.57  mean=   54.53  mad=3.3%  samples=[51.87 53.88 56.07 56.57 54.26]
  auto   median=    4.70ms  vsOff=52.19x  min=    4.06  max=    5.38  mean=    4.76  mad=8.1%  samples=[4.06 5.08 4.58 5.38 4.70]
mixed.js
  off    median=  542.66ms  min=  517.12  max=  609.64  mean=  557.60  mad=4.7%  samples=[517.12 542.66 532.20 609.64 586.37]
  quick  median=  286.34ms  vsOff= 1.90x  min=  270.65  max=  298.56  mean=  285.06  mad=2.9%  samples=[270.65 286.34 298.56 291.64 278.10]
  auto   median=  300.87ms  vsOff= 1.80x  min=  277.17  max=  345.80  mean=  304.48  mad=3.7%  samples=[289.71 277.17 300.87 308.86 345.80]
propAccess-3M
  off    median=  710.93ms  min=  682.20  max=  878.78  mean=  748.89  mad=4.0%  samples=[692.20 878.78 780.32 710.93 682.20]
  quick  median=  233.31ms  vsOff= 3.05x  min=  228.80  max=  255.93  mean=  237.37  mad=1.9%  samples=[228.80 238.01 230.82 255.93 233.31]
  auto   median=    9.05ms  vsOff=78.56x  min=    7.97  max=   10.16  mean=    9.19  mad=8.3%  samples=[10.16 9.05 8.98 7.97 9.80]
propSet-3M
  off    median=  458.78ms  min=  403.25  max=  821.83  mean=  529.86  mad=12.1%  samples=[546.41 821.83 458.78 403.25 419.05]
  quick  median=  138.88ms  vsOff= 3.30x  min=  128.38  max=  156.62  mean=  142.22  mad=7.6%  samples=[128.38 156.62 154.17 138.88 133.07]
  auto   median=    7.13ms  vsOff=64.35x  min=    6.60  max=    8.24  mean=    7.25  mad=7.4%  samples=[8.24 7.13 7.68 6.60 6.62]
strConcat-100K
  off    median=   47.40ms  min=   43.10  max=   57.77  mean=   48.06  mad=5.9%  samples=[57.77 47.40 47.43 44.58 43.10]
  quick  median=   44.03ms  vsOff= 1.08x  min=   42.12  max=   55.84  mean=   47.26  mad=4.3%  samples=[51.93 55.84 44.03 42.12 42.37]
  auto   median=   40.89ms  vsOff= 1.16x  min=   40.20  max=   42.97  mean=   41.43  mad=1.7%  samples=[40.20 40.89 40.65 42.97 42.44]
jitbench: wrote bench/results/jit-20260811-windows-amd64-r0c.json
