fib25: 2.16
fib30: 5.40
propAccess-3M: 5.53
propSet-3M: 2.90
strConcat-100K: 11.00
arrayPush-1M: 11.59
arrayMap-100x10K: 10.19
callOverhead-1M: 1.45
closureCall-1M: 6.59
methodCall-1M: 2.73
gcPressure-500K: 11.24
fib25: 2.14
fib30: 5.71
propAccess-3M: 2.75
propSet-3M: 2.53
strConcat-100K: 13.71
arrayPush-1M: 14.44
arrayMap-100x10K: 7.39
callOverhead-1M: 2.50
closureCall-1M: 6.67
methodCall-1M: 1.54
gcPressure-500K: 11.44
fib25: 1.81
fib30: 5.70
propAccess-3M: 3.92
propSet-3M: 2.68
strConcat-100K: 11.19
arrayPush-1M: 11.87
arrayMap-100x10K: 8.83
callOverhead-1M: 1.55
closureCall-1M: 6.48
methodCall-1M: 1.53
gcPressure-500K: 11.44
fib25: 2.05
fib30: 5.34
propAccess-3M: 3.47
propSet-3M: 3.29
strConcat-100K: 9.54
arrayPush-1M: 14.36
arrayMap-100x10K: 7.87
callOverhead-1M: 1.39
closureCall-1M: 6.16
methodCall-1M: 1.47
gcPressure-500K: 12.23
fib25: 1.79
fib30: 5.32
propAccess-3M: 2.99
propSet-3M: 3.49
strConcat-100K: 9.93
arrayPush-1M: 14.60
arrayMap-100x10K: 9.36
callOverhead-1M: 1.43
closureCall-1M: 6.37
methodCall-1M: 1.52
gcPressure-500K: 10.92
