jitbench: aluka JIT three-tier benchmark
  generated=2026-08-11T02:06:21Z  commit=fbe9b5e
  platform=windows/amd64  cpu=Intel64 Family 6 Model 186 Stepping 2, GenuineIntel  go=go1.25.10  aluka=aluka 0.1.0-dev
  binary=E:\codes\go_projects\aluka_lang\aluka_lang\bin\aluka.exe
  scripts=[tests/benchmark/perf-compare.js tests/benchmark/mixed.js]
  tiers=[off quick auto]  reps=5  rotate=true  timeout=2m0s

arrayMap-100x10K
  off    median=   18.79ms  min=   16.25  max=   34.44  mean=   21.51  mad=12.8%  samples=[21.19 16.25 34.44 16.86 18.79]
  quick  median=   26.43ms  vsOff= 0.71x  min=   22.22  max=   28.63  mean=   26.07  mad=6.3%  samples=[24.99 28.10 26.43 22.22 28.63]
  auto   median=   25.39ms  vsOff= 0.74x  min=   19.55  max=   47.71  mean=   29.87  mad=23.0%  samples=[47.71 19.55 25.39 34.11 22.57]
arrayPush-1M
  off    median=  439.15ms  min=  396.44  max=  820.56  mean=  511.20  mad=5.1%  samples=[820.56 461.54 438.30 396.44 439.15]
  quick  median=   95.46ms  vsOff= 4.60x  min=   90.40  max=  147.94  mean=  110.65  mad=5.3%  samples=[90.40 90.85 95.46 147.94 128.58]
  auto   median=  104.19ms  vsOff= 4.21x  min=   88.93  max=  113.85  mean=  103.14  mad=8.6%  samples=[104.19 113.16 88.93 113.85 95.58]
callOverhead-1M
  off    median=  203.73ms  min=  179.38  max=  274.49  mean=  221.31  mad=12.0%  samples=[274.49 201.85 247.08 179.38 203.73]
  quick  median=   53.20ms  vsOff= 3.83x  min=   50.46  max=   57.15  mean=   53.59  mad=5.2%  samples=[51.08 53.20 56.06 50.46 57.15]
  auto   median=    5.02ms  vsOff=40.58x  min=    3.51  max=    9.13  mean=    5.51  mad=16.9%  samples=[4.17 9.13 3.51 5.73 5.02]
closureCall-1M
  off    median=  249.55ms  min=  205.07  max=  298.51  mean=  247.71  mad=8.9%  samples=[298.51 227.22 249.55 205.07 258.22]
  quick  median=    3.20ms  vsOff=77.98x  min=    2.77  max=    4.75  mean=    3.52  mad=13.4%  samples=[2.77 4.75 3.12 3.74 3.20]
  auto   median=    4.19ms  vsOff=59.56x  min=    2.29  max=    9.08  mean=    4.90  mad=27.4%  samples=[4.19 2.29 3.59 9.08 5.34]
fib25
  off    median=   36.20ms  min=   33.40  max=   63.93  mean=   41.41  mad=4.7%  samples=[37.90 35.63 36.20 33.40 63.93]
  quick  median=   32.97ms  vsOff= 1.10x  min=   23.77  max=   41.72  mean=   33.01  mad=12.0%  samples=[36.91 32.97 29.66 41.72 23.77]
  auto   median=   36.74ms  vsOff= 0.99x  min=   19.88  max=   67.69  mean=   38.53  mad=14.8%  samples=[67.69 19.88 36.74 31.30 37.04]
fib30
  off    median=  439.61ms  min=  382.33  max=  524.75  mean=  450.50  mad=12.2%  samples=[439.61 524.75 382.33 412.68 493.11]
  quick  median=  264.21ms  vsOff= 1.66x  min=  239.38  max=  340.83  mean=  273.04  mad=6.2%  samples=[340.83 264.21 247.92 272.85 239.38]
  auto   median=  265.36ms  vsOff= 1.66x  min=  235.13  max=  431.89  mean=  301.26  mad=11.4%  samples=[265.36 431.89 235.13 252.27 321.64]
gcPressure-500K
  off    median=  460.43ms  min=  440.06  max=  590.02  mean=  485.29  mad=4.4%  samples=[590.02 486.07 449.89 440.06 460.43]
  quick  median=  493.32ms  vsOff= 0.93x  min=  460.02  max=  533.37  mean=  498.19  mad=6.5%  samples=[460.02 533.37 493.32 525.40 478.83]
  auto   median=  495.51ms  vsOff= 0.93x  min=  451.06  max=  524.72  mean=  491.94  mad=1.2%  samples=[524.72 498.68 451.06 495.51 489.72]
methodCall-1M
  off    median=  216.15ms  min=  210.96  max=  339.68  mean=  241.25  mad=2.4%  samples=[339.68 210.96 216.15 214.59 224.86]
  quick  median=   57.79ms  vsOff= 3.74x  min=   53.14  max=   68.39  mean=   58.89  mad=3.9%  samples=[55.51 53.14 59.64 57.79 68.39]
  auto   median=    4.50ms  vsOff=48.03x  min=    3.90  max=    7.00  mean=    4.93  mad=11.6%  samples=[5.02 4.23 4.50 7.00 3.90]
mixed.js
  off    median=  678.34ms  min=  521.62  max=  738.35  mean=  639.63  mad=8.8%  samples=[738.35 678.34 551.89 707.93 521.62]
  quick  median=  317.35ms  vsOff= 2.14x  min=  293.40  max=  387.45  mean=  325.65  mad=2.5%  samples=[387.45 309.39 293.40 317.35 320.69]
  auto   median=  284.97ms  vsOff= 2.38x  min=  274.36  max=  381.21  mean=  306.76  mad=3.7%  samples=[381.21 313.80 284.97 279.44 274.36]
propAccess-3M
  off    median=  799.93ms  min=  651.20  max=  870.78  mean=  769.93  mad=8.9%  samples=[799.93 862.46 665.30 870.78 651.20]
  quick  median=  228.98ms  vsOff= 3.49x  min=  218.61  max=  391.34  mean=  259.50  mad=1.5%  samples=[391.34 228.98 232.43 218.61 226.14]
  auto   median=   11.19ms  vsOff=71.49x  min=    8.92  max=   17.36  mean=   12.26  mad=20.3%  samples=[9.81 17.36 11.19 8.92 14.01]
propSet-3M
  off    median=  440.37ms  min=  406.62  max=  766.85  mean=  501.44  mad=7.1%  samples=[766.85 440.37 406.62 471.79 421.57]
  quick  median=  136.58ms  vsOff= 3.22x  min=  126.43  max=  144.51  mean=  136.92  mad=3.1%  samples=[136.23 136.58 126.43 144.51 140.83]
  auto   median=    7.04ms  vsOff=62.55x  min=    6.92  max=    9.23  mean=    7.77  mad=1.7%  samples=[6.92 8.67 7.04 9.23 7.00]
strConcat-100K
  off    median=   45.36ms  min=   41.76  max=  127.08  mean=   60.63  mad=6.1%  samples=[127.08 41.76 46.36 42.61 45.36]
  quick  median=   48.67ms  vsOff= 0.93x  min=   43.49  max=   70.81  mean=   52.06  mad=5.3%  samples=[46.12 51.23 43.49 70.81 48.67]
  auto   median=   42.87ms  vsOff= 1.06x  min=   40.40  max=   49.01  mean=   44.26  mad=5.8%  samples=[49.01 40.40 46.45 42.58 42.87]
jitbench: wrote bench/results/jit-20260811-windows-amd64-r0d.json
